00:00 +0: loading D:/CODES/Flutter/Code/eco_tisb/test/widget_test.dart
00:00 +0: (setUpAll)
supabase.supabase_flutter: INFO: ***** Supabase init completed ***** 
00:00 +0: Welcome screen smoke test
══╡ EXCEPTION CAUGHT BY IMAGE RESOURCE SERVICE ╞════════════════════════════════════════════════════
The following assertion was thrown resolving an image codec:
Unable to load asset: "assets/images/textbook_placeholder.png".
The asset does not exist or has empty data.

When the exception was thrown, this was the stack:
#0      PlatformAssetBundle.load (package:flutter/src/services/asset_bundle.dart:340:7)
#1      PlatformAssetBundle.loadBuffer (package:flutter/src/services/asset_bundle.dart:367:36)
#2      AssetBundleImageProvider._loadAsync (package:flutter/src/painting/image_provider.dart:783:33)
#3      AssetBundleImageProvider.loadImage (package:flutter/src/painting/image_provider.dart:743:14)
#4      ImageProvider.resolveStreamForKey.<anonymous closure> (package:flutter/src/painting/image_provider.dart:546:39)
#5      ImageCache.putIfAbsent (package:flutter/src/painting/image_cache.dart:368:22)
#6      ImageProvider.resolveStreamForKey (package:flutter/src/painting/image_provider.dart:543:81)
#7      ImageProvider.resolve.<anonymous closure> (package:flutter/src/painting/image_provider.dart:383:9)
#8      ImageProvider._createErrorHandlerAndKey.<anonymous closure> (package:flutter/src/painting/image_provider.dart:499:28)
#9      SynchronousFuture.then (package:flutter/src/foundation/synchronous_future.dart:44:27)
#10     ImageProvider._createErrorHandlerAndKey (package:flutter/src/painting/image_provider.dart:496:10)
#11     ImageProvider.resolve (package:flutter/src/painting/image_provider.dart:380:5)
#12     _DecorationImagePainter.paint (package:flutter/src/painting/decoration_image.dart:373:55)
#13     _BoxDecorationPainter._paintBackgroundImage (package:flutter/src/painting/box_decoration.dart:560:20)
#14     _BoxDecorationPainter.paint (package:flutter/src/painting/box_decoration.dart:577:5)
#15     RenderDecoratedBox.paint (package:flutter/src/rendering/proxy_box.dart:2414:17)
#16     RenderObject._paintWithContext (package:flutter/src/rendering/object.dart:3436:7)
#17     PaintingContext.paintChild (package:flutter/src/rendering/object.dart:261:13)
#18     RenderProxyBoxMixin.paint (package:flutter/src/rendering/proxy_box.dart:140:13)
#19     RenderObject._paintWithContext (package:flutter/src/rendering/object.dart:3436:7)
#20     PaintingContext.paintChild (package:flutter/src/rendering/object.dart:261:13)
#21     RenderBoxContainerDefaultsMixin.defaultPaint (package:flutter/src/rendering/box.dart:3367:15)
#22     RenderFlex.paint (package:flutter/src/rendering/flex.dart:1317:7)
#23     RenderObject._paintWithContext (package:flutter/src/rendering/object.dart:3436:7)
#24     PaintingContext.paintChild (package:flutter/src/rendering/object.dart:261:13)
#25     RenderShiftedBox.paint (package:flutter/src/rendering/shifted_box.dart:81:15)
#26     RenderObject._paintWithContext (package:flutter/src/rendering/object.dart:3436:7)
#27     PaintingContext.paintChild (package:flutter/src/rendering/object.dart:261:13)
#28     _RenderSingleChildViewport.paint.paintContents (package:flutter/src/widgets/single_child_scroll_view.dart:550:17)
#29     PaintingContext.pushLayer (package:flutter/src/rendering/object.dart:518:12)
#30     PaintingContext.pushClipRect (package:flutter/src/rendering/object.dart:585:7)
#31     _RenderSingleChildViewport.paint (package:flutter/src/widgets/single_child_scroll_view.dart:554:40)
#32     RenderObject._paintWithContext (package:flutter/src/rendering/object.dart:3436:7)
#33     PaintingContext._repaintCompositedChild (package:flutter/src/rendering/object.dart:176:11)
#34     PaintingContext.repaintCompositedChild (package:flutter/src/rendering/object.dart:121:5)
#35     PaintingContext._compositeChild (package:flutter/src/rendering/object.dart:272:7)
#36     PaintingContext.paintChild (package:flutter/src/rendering/object.dart:253:7)
#37     RenderProxyBoxMixin.paint (package:flutter/src/rendering/proxy_box.dart:140:13)
#38     RenderObject._paintWithContext (package:flutter/src/rendering/object.dart:3436:7)
#39     PaintingContext.paintChild (package:flutter/src/rendering/object.dart:261:13)
#40     RenderProxyBoxMixin.paint (package:flutter/src/rendering/proxy_box.dart:140:13)
#41     RenderObject._paintWithContext (package:flutter/src/rendering/object.dart:3436:7)
#42     PaintingContext.paintChild (package:flutter/src/rendering/object.dart:261:13)
#43     RenderProxyBoxMixin.paint (package:flutter/src/rendering/proxy_box.dart:140:13)
#44     RenderObject._paintWithContext (package:flutter/src/rendering/object.dart:3436:7)
#45     PaintingContext.paintChild (package:flutter/src/rendering/object.dart:261:13)
#46     RenderProxyBoxMixin.paint (package:flutter/src/rendering/proxy_box.dart:140:13)
#47     RenderObject._paintWithContext (package:flutter/src/rendering/object.dart:3436:7)
#48     PaintingContext.paintChild (package:flutter/src/rendering/object.dart:261:13)
#49     RenderProxyBoxMixin.paint (package:flutter/src/rendering/proxy_box.dart:140:13)
#50     RenderObject._paintWithContext (package:flutter/src/rendering/object.dart:3436:7)
#51     PaintingContext.paintChild (package:flutter/src/rendering/object.dart:261:13)
#52     RenderProxyBoxMixin.paint (package:flutter/src/rendering/proxy_box.dart:140:13)
#53     RenderObject._paintWithContext (package:flutter/src/rendering/object.dart:3436:7)
#54     PaintingContext.paintChild (package:flutter/src/rendering/object.dart:261:13)
#55     RenderProxyBoxMixin.paint (package:flutter/src/rendering/proxy_box.dart:140:13)
#56     RenderTransform.paint (package:flutter/src/rendering/proxy_box.dart:2688:17)
#57     RenderObject._paintWithContext (package:flutter/src/rendering/object.dart:3436:7)
#58     PaintingContext.paintChild (package:flutter/src/rendering/object.dart:261:13)
#59     RenderClipRect.paint (package:flutter/src/rendering/proxy_box.dart:1585:17)
#60     RenderObject._paintWithContext (package:flutter/src/rendering/object.dart:3436:7)
#61     PaintingContext.paintChild (package:flutter/src/rendering/object.dart:261:13)
#62     RenderShiftedBox.paint (package:flutter/src/rendering/shifted_box.dart:81:15)
#63     RenderObject._paintWithContext (package:flutter/src/rendering/object.dart:3436:7)
#64     PaintingContext.paintChild (package:flutter/src/rendering/object.dart:261:13)
#65     RenderBoxContainerDefaultsMixin.defaultPaint (package:flutter/src/rendering/box.dart:3367:15)
#66     RenderCustomMultiChildLayoutBox.paint (package:flutter/src/rendering/custom_layout.dart:425:5)
#67     RenderObject._paintWithContext (package:flutter/src/rendering/object.dart:3436:7)
#68     PaintingContext.paintChild (package:flutter/src/rendering/object.dart:261:13)
#69     RenderProxyBoxMixin.paint (package:flutter/src/rendering/proxy_box.dart:140:13)
#70     _RenderInkFeatures.paint (package:flutter/src/material/material.dart:634:11)
#71     RenderObject._paintWithContext (package:flutter/src/rendering/object.dart:3436:7)
#72     PaintingContext.paintChild (package:flutter/src/rendering/object.dart:261:13)
#73     RenderProxyBoxMixin.paint (package:flutter/src/rendering/proxy_box.dart:140:13)
#74     RenderPhysicalModel.paint.<anonymous closure> (package:flutter/src/rendering/proxy_box.dart:2184:15)
#75     PaintingContext.pushClipRRect (package:flutter/src/rendering/object.dart:622:14)
#76     RenderPhysicalModel.paint (package:flutter/src/rendering/proxy_box.dart:2171:21)
#77     RenderObject._paintWithContext (package:flutter/src/rendering/object.dart:3436:7)
#78     PaintingContext.paintChild (package:flutter/src/rendering/object.dart:261:13)
#79     RenderProxyBoxMixin.paint (package:flutter/src/rendering/proxy_box.dart:140:13)
#80     RenderObject._paintWithContext (package:flutter/src/rendering/object.dart:3436:7)
#81     PaintingContext.paintChild (package:flutter/src/rendering/object.dart:261:13)
#82     RenderProxyBoxMixin.paint (package:flutter/src/rendering/proxy_box.dart:140:13)
#83     RenderObject._paintWithContext (package:flutter/src/rendering/object.dart:3436:7)
#84     PaintingContext._repaintCompositedChild (package:flutter/src/rendering/object.dart:176:11)
#85     PaintingContext.repaintCompositedChild (package:flutter/src/rendering/object.dart:121:5)
#86     PaintingContext._compositeChild (package:flutter/src/rendering/object.dart:272:7)
#87     PaintingContext.paintChild (package:flutter/src/rendering/object.dart:253:7)
#88     RenderProxyBoxMixin.paint (package:flutter/src/rendering/proxy_box.dart:140:13)
#89     RenderObject._paintWithContext (package:flutter/src/rendering/object.dart:3436:7)
#90     PaintingContext.paintChild (package:flutter/src/rendering/object.dart:261:13)
#91     RenderProxyBoxMixin.paint (package:flutter/src/rendering/proxy_box.dart:140:13)
#92     RenderFractionalTranslation.paint (package:flutter/src/rendering/proxy_box.dart:3063:13)
#93     RenderObject._paintWithContext (package:flutter/src/rendering/object.dart:3436:7)
#94     PaintingContext.paintChild (package:flutter/src/rendering/object.dart:261:13)
#95     RenderProxyBoxMixin.paint (package:flutter/src/rendering/proxy_box.dart:140:13)
#96     RenderAnimatedOpacityMixin.paint (package:flutter/src/rendering/proxy_box.dart:1076:11)
#97     RenderObject._paintWithContext (package:flutter/src/rendering/object.dart:3436:7)
#98     PaintingContext._repaintCompositedChild (package:flutter/src/rendering/object.dart:176:11)
#99     PaintingContext.repaintCompositedChild (package:flutter/src/rendering/object.dart:121:5)
#100    PaintingContext._compositeChild (package:flutter/src/rendering/object.dart:272:7)
#101    PaintingContext.paintChild (package:flutter/src/rendering/object.dart:253:7)
#102    RenderProxyBoxMixin.paint (package:flutter/src/rendering/proxy_box.dart:140:13)
#103    RenderFractionalTranslation.paint (package:flutter/src/rendering/proxy_box.dart:3063:13)
#104    RenderObject._paintWithContext (package:flutter/src/rendering/object.dart:3436:7)
#105    PaintingContext.paintChild (package:flutter/src/rendering/object.dart:261:13)
#106    RenderProxyBoxMixin.paint (package:flutter/src/rendering/proxy_box.dart:140:13)
#107    RenderAnimatedOpacityMixin.paint (package:flutter/src/rendering/proxy_box.dart:1076:11)
#108    RenderObject._paintWithContext (package:flutter/src/rendering/object.dart:3436:7)
#109    PaintingContext._repaintCompositedChild (package:flutter/src/rendering/object.dart:176:11)
#110    PaintingContext.repaintCompositedChild (package:flutter/src/rendering/object.dart:121:5)
#111    PaintingContext._compositeChild (package:flutter/src/rendering/object.dart:272:7)
#112    PaintingContext.paintChild (package:flutter/src/rendering/object.dart:253:7)
#113    _RenderColoredBox.paint (package:flutter/src/widgets/basic.dart:8443:15)
#114    RenderObject._paintWithContext (package:flutter/src/rendering/object.dart:3436:7)
#115    PaintingContext.paintChild (package:flutter/src/rendering/object.dart:261:13)
#116    RenderProxyBoxMixin.paint (package:flutter/src/rendering/proxy_box.dart:140:13)
#117    RenderFractionalTranslation.paint (package:flutter/src/rendering/proxy_box.dart:3063:13)
#118    RenderObject._paintWithContext (package:flutter/src/rendering/object.dart:3436:7)
#119    PaintingContext.paintChild (package:flutter/src/rendering/object.dart:261:13)
#120    RenderProxyBoxMixin.paint (package:flutter/src/rendering/proxy_box.dart:140:13)
#121    RenderAnimatedOpacityMixin.paint (package:flutter/src/rendering/proxy_box.dart:1076:11)
#122    RenderObject._paintWithContext (package:flutter/src/rendering/object.dart:3436:7)
#123    PaintingContext._repaintCompositedChild (package:flutter/src/rendering/object.dart:176:11)
#124    PaintingContext.repaintCompositedChild (package:flutter/src/rendering/object.dart:121:5)
#125    PaintingContext._compositeChild (package:flutter/src/rendering/object.dart:272:7)
#126    PaintingContext.paintChild (package:flutter/src/rendering/object.dart:253:7)
#127    RenderProxyBoxMixin.paint (package:flutter/src/rendering/proxy_box.dart:140:13)
#128    RenderObject._paintWithContext (package:flutter/src/rendering/object.dart:3436:7)
#129    PaintingContext.paintChild (package:flutter/src/rendering/object.dart:261:13)
#130    RenderProxyBoxMixin.paint (package:flutter/src/rendering/proxy_box.dart:140:13)
#131    RenderFractionalTranslation.paint (package:flutter/src/rendering/proxy_box.dart:3063:13)
#132    RenderObject._paintWithContext (package:flutter/src/rendering/object.dart:3436:7)
#133    PaintingContext.paintChild (package:flutter/src/rendering/object.dart:261:13)
#134    RenderProxyBoxMixin.paint (package:flutter/src/rendering/proxy_box.dart:140:13)
#135    RenderAnimatedOpacityMixin.paint (package:flutter/src/rendering/proxy_box.dart:1076:11)
#136    RenderObject._paintWithContext (package:flutter/src/rendering/object.dart:3436:7)
#137    PaintingContext._repaintCompositedChild (package:flutter/src/rendering/object.dart:176:11)
#138    PaintingContext.repaintCompositedChild (package:flutter/src/rendering/object.dart:121:5)
#139    PaintingContext._compositeChild (package:flutter/src/rendering/object.dart:272:7)
#140    PaintingContext.paintChild (package:flutter/src/rendering/object.dart:253:7)
#141    RenderProxyBoxMixin.paint (package:flutter/src/rendering/proxy_box.dart:140:13)
#142    RenderObject._paintWithContext (package:flutter/src/rendering/object.dart:3436:7)
#143    PaintingContext._repaintCompositedChild (package:flutter/src/rendering/object.dart:176:11)
#144    PaintingContext.repaintCompositedChild (package:flutter/src/rendering/object.dart:121:5)
#145    PaintingContext._compositeChild (package:flutter/src/rendering/object.dart:272:7)
#146    PaintingContext.paintChild (package:flutter/src/rendering/object.dart:253:7)
#147    RenderProxyBoxMixin.paint (package:flutter/src/rendering/proxy_box.dart:140:13)
#148    RenderObject._paintWithContext (package:flutter/src/rendering/object.dart:3436:7)
#149    PaintingContext.paintChild (package:flutter/src/rendering/object.dart:261:13)
#150    RenderProxyBoxMixin.paint (package:flutter/src/rendering/proxy_box.dart:140:13)
#151    RenderOffstage.paint (package:flutter/src/rendering/proxy_box.dart:3868:11)
#152    RenderObject._paintWithContext (package:flutter/src/rendering/object.dart:3436:7)
#153    PaintingContext.paintChild (package:flutter/src/rendering/object.dart:261:13)
#154    RenderProxyBoxMixin.paint (package:flutter/src/rendering/proxy_box.dart:140:13)
#155    RenderObject._paintWithContext (package:flutter/src/rendering/object.dart:3436:7)
#156    PaintingContext.paintChild (package:flutter/src/rendering/object.dart:261:13)
#157    _RenderTheaterMixin.paint (package:flutter/src/widgets/overlay.dart:1119:15)
#158    _RenderTheater.paint (package:flutter/src/widgets/overlay.dart:1476:13)
#159    RenderObject._paintWithContext (package:flutter/src/rendering/object.dart:3436:7)
#160    PaintingContext.paintChild (package:flutter/src/rendering/object.dart:261:13)
#161    RenderProxyBoxMixin.paint (package:flutter/src/rendering/proxy_box.dart:140:13)
#162    RenderObject._paintWithContext (package:flutter/src/rendering/object.dart:3436:7)
#163    PaintingContext.paintChild (package:flutter/src/rendering/object.dart:261:13)
#164    RenderProxyBoxMixin.paint (package:flutter/src/rendering/proxy_box.dart:140:13)
#165    RenderObject._paintWithContext (package:flutter/src/rendering/object.dart:3436:7)
#166    PaintingContext.paintChild (package:flutter/src/rendering/object.dart:261:13)
#167    RenderProxyBoxMixin.paint (package:flutter/src/rendering/proxy_box.dart:140:13)
#168    RenderObject._paintWithContext (package:flutter/src/rendering/object.dart:3436:7)
#169    PaintingContext.paintChild (package:flutter/src/rendering/object.dart:261:13)
#170    RenderProxyBoxMixin.paint (package:flutter/src/rendering/proxy_box.dart:140:13)
#171    RenderObject._paintWithContext (package:flutter/src/rendering/object.dart:3436:7)
#172    PaintingContext.paintChild (package:flutter/src/rendering/object.dart:261:13)
#173    RenderProxyBoxMixin.paint (package:flutter/src/rendering/proxy_box.dart:140:13)
#174    RenderObject._paintWithContext (package:flutter/src/rendering/object.dart:3436:7)
#175    PaintingContext.paintChild (package:flutter/src/rendering/object.dart:261:13)
#176    RenderProxyBoxMixin.paint (package:flutter/src/rendering/proxy_box.dart:140:13)
#177    RenderObject._paintWithContext (package:flutter/src/rendering/object.dart:3436:7)
#178    PaintingContext.paintChild (package:flutter/src/rendering/object.dart:261:13)
#179    RenderProxyBoxMixin.paint (package:flutter/src/rendering/proxy_box.dart:140:13)
#180    RenderObject._paintWithContext (package:flutter/src/rendering/object.dart:3436:7)
#181    PaintingContext.paintChild (package:flutter/src/rendering/object.dart:261:13)
#182    RenderProxyBoxMixin.paint (package:flutter/src/rendering/proxy_box.dart:140:13)
#183    RenderObject._paintWithContext (package:flutter/src/rendering/object.dart:3436:7)
#184    PaintingContext.paintChild (package:flutter/src/rendering/object.dart:261:13)
#185    RenderProxyBoxMixin.paint (package:flutter/src/rendering/proxy_box.dart:140:13)
#186    RenderObject._paintWithContext (package:flutter/src/rendering/object.dart:3436:7)
#187    PaintingContext.paintChild (package:flutter/src/rendering/object.dart:261:13)
#188    RenderView.paint (package:flutter/src/rendering/view.dart:322:15)
#189    RenderObject._paintWithContext (package:flutter/src/rendering/object.dart:3436:7)
#190    PaintingContext._repaintCompositedChild (package:flutter/src/rendering/object.dart:176:11)
#191    PaintingContext.repaintCompositedChild (package:flutter/src/rendering/object.dart:121:5)
#192    PipelineOwner.flushPaint (package:flutter/src/rendering/object.dart:1322:31)
#193    PipelineOwner.flushPaint (package:flutter/src/rendering/object.dart:1332:15)
#194    AutomatedTestWidgetsFlutterBinding.drawFrame (package:flutter_test/src/binding.dart:1512:31)
#195    RendererBinding._handlePersistentFrameCallback (package:flutter/src/rendering/binding.dart:495:5)
#196    SchedulerBinding._invokeFrameCallback (package:flutter/src/scheduler/binding.dart:1434:15)
#197    SchedulerBinding.handleDrawFrame (package:flutter/src/scheduler/binding.dart:1347:9)
#198    AutomatedTestWidgetsFlutterBinding.pump.<anonymous closure> (package:flutter_test/src/binding.dart:1335:9)
#201    TestAsyncUtils.guard (package:flutter_test/src/test_async_utils.dart:74:41)
#202    AutomatedTestWidgetsFlutterBinding.pump (package:flutter_test/src/binding.dart:1324:27)
#203    WidgetTester.pumpWidget.<anonymous closure> (package:flutter_test/src/widget_tester.dart:598:22)
#206    TestAsyncUtils.guard (package:flutter_test/src/test_async_utils.dart:74:41)
#207    WidgetTester.pumpWidget (package:flutter_test/src/widget_tester.dart:595:27)
#208    main.<anonymous closure> (file:///D:/CODES/Flutter/Code/eco_tisb/test/widget_test.dart:37:18)
#209    testWidgets.<anonymous closure>.<anonymous closure> (package:flutter_test/src/widget_tester.dart:192:29)
<asynchronous suspension>
#210    TestWidgetsFlutterBinding._runTestBody (package:flutter_test/src/binding.dart:1059:5)
<asynchronous suspension>
<asynchronous suspension>
(elided 5 frames from dart:async and package:stack_trace)

Image provider: AssetImage(bundle: null, name: "assets/images/textbook_placeholder.png")
Image key: AssetBundleImageKey(bundle: PlatformAssetBundle#76bea(), name:
  "assets/images/textbook_placeholder.png", scale: 1.0)
════════════════════════════════════════════════════════════════════════════════════════════════════
00:01 +0 -1: Welcome screen smoke test [E]
  Test failed. See exception logs above.
  The test description was: Welcome screen smoke test
  
00:01 +0 -1: (tearDownAll)
00:01 +0 -1: Some tests failed.
